2025-07-15 11:13:30,320 INFO app MainThread : Contact Routing System startup
2025-07-15 11:13:31,870 INFO app MainThread : Contact Routing System startup
2025-07-15 11:17:46,431 INFO app Thread-7 (process_request_thread) : Loading bank model and data...
2025-07-15 11:17:46,568 INFO app Thread-8 (process_request_thread) : Loading bank model and data...
2025-07-15 11:17:46,568 INFO app Thread-9 (process_request_thread) : Loading bank model and data...
2025-07-15 11:17:46,568 INFO app Thread-10 (process_request_thread) : Loading bank model and data...
2025-07-15 11:17:46,572 INFO app Thread-11 (process_request_thread) : Loading bank model and data...
2025-07-15 11:17:46,572 INFO app Thread-12 (process_request_thread) : Loading bank model and data...
2025-07-15 11:17:56,614 INFO app Thread-13 (process_request_thread) : Loading bank model and data...
2025-07-15 11:17:56,784 INFO app Thread-14 (process_request_thread) : Loading bank model and data...
2025-07-15 11:17:58,265 INFO app Thread-15 (process_request_thread) : Loading bank model and data...
2025-07-15 11:17:58,576 INFO app Thread-16 (process_request_thread) : Loading bank model and data...
2025-07-15 11:17:58,577 INFO app Thread-17 (process_request_thread) : Loading bank model and data...
2025-07-15 11:18:00,578 INFO app Thread-16 (process_request_thread) : Bank model and data loaded successfully
2025-07-15 11:18:00,578 INFO app Thread-15 (process_request_thread) : Bank model and data loaded successfully
2025-07-15 11:18:00,578 INFO app Thread-10 (process_request_thread) : Bank model and data loaded successfully
2025-07-15 11:18:00,578 INFO app Thread-16 (process_request_thread) : Loading SEBI data...
2025-07-15 11:18:00,595 INFO app Thread-13 (process_request_thread) : Bank model and data loaded successfully
2025-07-15 11:18:00,595 INFO app Thread-15 (process_request_thread) : Loading SEBI data...
2025-07-15 11:18:00,595 INFO app Thread-7 (process_request_thread) : Bank model and data loaded successfully
2025-07-15 11:18:00,595 INFO app Thread-12 (process_request_thread) : Bank model and data loaded successfully
2025-07-15 11:18:00,595 INFO app Thread-14 (process_request_thread) : Bank model and data loaded successfully
2025-07-15 11:18:00,595 INFO app Thread-8 (process_request_thread) : Bank model and data loaded successfully
2025-07-15 11:18:00,595 INFO app Thread-17 (process_request_thread) : Bank model and data loaded successfully
2025-07-15 11:18:00,595 INFO app Thread-10 (process_request_thread) : Loading SEBI data...
2025-07-15 11:18:00,595 INFO app Thread-9 (process_request_thread) : Bank model and data loaded successfully
2025-07-15 11:18:00,595 INFO app Thread-11 (process_request_thread) : Bank model and data loaded successfully
2025-07-15 11:18:00,595 INFO app Thread-13 (process_request_thread) : Loading SEBI data...
2025-07-15 11:18:00,595 INFO app Thread-7 (process_request_thread) : Loading SEBI data...
2025-07-15 11:18:00,595 INFO app Thread-12 (process_request_thread) : Loading SEBI data...
2025-07-15 11:18:00,595 INFO app Thread-14 (process_request_thread) : Loading SEBI data...
2025-07-15 11:18:00,595 INFO app Thread-8 (process_request_thread) : Loading SEBI data...
2025-07-15 11:18:00,595 INFO app Thread-17 (process_request_thread) : Loading SEBI data...
2025-07-15 11:18:00,595 INFO app Thread-9 (process_request_thread) : Loading SEBI data...
2025-07-15 11:18:00,595 INFO app Thread-11 (process_request_thread) : Loading SEBI data...
2025-07-15 11:18:00,627 ERROR app Thread-16 (process_request_thread) : Error loading SEBI data: Missing optional dependency 'openpyxl'.  Use pip or conda to install openpyxl.
2025-07-15 11:18:00,628 ERROR app Thread-8 (process_request_thread) : Error loading SEBI data: Missing optional dependency 'openpyxl'.  Use pip or conda to install openpyxl.
2025-07-15 11:18:00,645 ERROR app Thread-11 (process_request_thread) : Error loading SEBI data: Missing optional dependency 'openpyxl'.  Use pip or conda to install openpyxl.
2025-07-15 11:18:00,663 ERROR app Thread-7 (process_request_thread) : Error loading SEBI data: Missing optional dependency 'openpyxl'.  Use pip or conda to install openpyxl.
2025-07-15 11:18:00,666 ERROR app Thread-15 (process_request_thread) : Error loading SEBI data: Missing optional dependency 'openpyxl'.  Use pip or conda to install openpyxl.
2025-07-15 11:18:00,673 ERROR app Thread-14 (process_request_thread) : Error loading SEBI data: Missing optional dependency 'openpyxl'.  Use pip or conda to install openpyxl.
2025-07-15 11:18:00,678 ERROR app Thread-13 (process_request_thread) : Error loading SEBI data: Missing optional dependency 'openpyxl'.  Use pip or conda to install openpyxl.
2025-07-15 11:18:00,695 ERROR app Thread-12 (process_request_thread) : Error loading SEBI data: Missing optional dependency 'openpyxl'.  Use pip or conda to install openpyxl.
2025-07-15 11:18:00,695 ERROR app Thread-10 (process_request_thread) : Error loading SEBI data: Missing optional dependency 'openpyxl'.  Use pip or conda to install openpyxl.
2025-07-15 11:18:00,695 ERROR app Thread-9 (process_request_thread) : Error loading SEBI data: Missing optional dependency 'openpyxl'.  Use pip or conda to install openpyxl.
2025-07-15 11:18:00,712 ERROR app Thread-17 (process_request_thread) : Error loading SEBI data: Missing optional dependency 'openpyxl'.  Use pip or conda to install openpyxl.
2025-07-15 11:18:00,937 INFO app Thread-18 (process_request_thread) : Loading SEBI data...
2025-07-15 11:18:00,944 ERROR app Thread-18 (process_request_thread) : Error loading SEBI data: Missing optional dependency 'openpyxl'.  Use pip or conda to install openpyxl.
2025-07-15 11:18:00,980 INFO app Thread-19 (process_request_thread) : Loading SEBI data...
2025-07-15 11:18:00,983 ERROR app Thread-19 (process_request_thread) : Error loading SEBI data: Missing optional dependency 'openpyxl'.  Use pip or conda to install openpyxl.
2025-07-15 11:18:01,011 INFO app Thread-20 (process_request_thread) : Loading SEBI data...
2025-07-15 11:18:01,014 ERROR app Thread-20 (process_request_thread) : Error loading SEBI data: Missing optional dependency 'openpyxl'.  Use pip or conda to install openpyxl.
2025-07-15 11:18:01,016 INFO app Thread-21 (process_request_thread) : Loading SEBI data...
2025-07-15 11:18:01,028 ERROR app Thread-21 (process_request_thread) : Error loading SEBI data: Missing optional dependency 'openpyxl'.  Use pip or conda to install openpyxl.
2025-07-15 11:18:01,297 INFO app Thread-22 (process_request_thread) : Loading SEBI data...
2025-07-15 11:18:01,299 INFO app Thread-23 (process_request_thread) : Loading SEBI data...
2025-07-15 11:18:01,303 ERROR app Thread-22 (process_request_thread) : Error loading SEBI data: Missing optional dependency 'openpyxl'.  Use pip or conda to install openpyxl.
2025-07-15 11:18:01,306 ERROR app Thread-23 (process_request_thread) : Error loading SEBI data: Missing optional dependency 'openpyxl'.  Use pip or conda to install openpyxl.
2025-07-15 11:18:01,612 INFO app Thread-24 (process_request_thread) : Loading SEBI data...
2025-07-15 11:18:01,613 ERROR app Thread-24 (process_request_thread) : Error loading SEBI data: Missing optional dependency 'openpyxl'.  Use pip or conda to install openpyxl.
2025-07-15 11:18:01,613 INFO app Thread-24 (process_request_thread) : Loading SEBI data...
2025-07-15 11:18:01,613 ERROR app Thread-24 (process_request_thread) : Error loading SEBI data: Missing optional dependency 'openpyxl'.  Use pip or conda to install openpyxl.
2025-07-15 11:18:01,878 INFO app Thread-25 (process_request_thread) : Loading SEBI data...
2025-07-15 11:18:01,878 ERROR app Thread-25 (process_request_thread) : Error loading SEBI data: Missing optional dependency 'openpyxl'.  Use pip or conda to install openpyxl.
2025-07-15 11:18:01,878 INFO app Thread-25 (process_request_thread) : Loading SEBI data...
2025-07-15 11:18:01,878 ERROR app Thread-25 (process_request_thread) : Error loading SEBI data: Missing optional dependency 'openpyxl'.  Use pip or conda to install openpyxl.
2025-07-15 11:18:02,665 INFO app Thread-26 (process_request_thread) : Loading SEBI data...
2025-07-15 11:18:02,670 ERROR app Thread-26 (process_request_thread) : Error loading SEBI data: Missing optional dependency 'openpyxl'.  Use pip or conda to install openpyxl.
2025-07-15 11:18:02,976 INFO app Thread-27 (process_request_thread) : Loading SEBI data...
2025-07-15 11:18:02,978 INFO app Thread-28 (process_request_thread) : Loading SEBI data...
2025-07-15 11:18:02,978 ERROR app Thread-27 (process_request_thread) : Error loading SEBI data: Missing optional dependency 'openpyxl'.  Use pip or conda to install openpyxl.
2025-07-15 11:18:02,978 ERROR app Thread-28 (process_request_thread) : Error loading SEBI data: Missing optional dependency 'openpyxl'.  Use pip or conda to install openpyxl.
2025-07-15 11:18:02,978 INFO app Thread-29 (process_request_thread) : Loading SEBI data...
2025-07-15 11:18:02,994 ERROR app Thread-29 (process_request_thread) : Error loading SEBI data: Missing optional dependency 'openpyxl'.  Use pip or conda to install openpyxl.
2025-07-15 11:18:03,295 INFO app Thread-30 (process_request_thread) : Loading SEBI data...
2025-07-15 11:18:03,298 INFO app Thread-31 (process_request_thread) : Loading SEBI data...
2025-07-15 11:18:03,301 ERROR app Thread-30 (process_request_thread) : Error loading SEBI data: Missing optional dependency 'openpyxl'.  Use pip or conda to install openpyxl.
2025-07-15 11:18:03,302 ERROR app Thread-31 (process_request_thread) : Error loading SEBI data: Missing optional dependency 'openpyxl'.  Use pip or conda to install openpyxl.
